C:\Users\szymo\Documents\GitHub\BR-projekt-praktyki-sierpien\ComauRacer3praktyki_demo\Temp\Includes\AS_TempDecl\Racer3_demo\GlobalComponents\McElements.var
C:\Users\szymo\Documents\GitHub\BR-projekt-praktyki-sierpien\ComauRacer3praktyki_demo\Logical\Global.typ
C:\Users\szymo\Documents\GitHub\BR-projekt-praktyki-sierpien\ComauRacer3praktyki_demo\Logical\Global.var
C:\Users\szymo\Documents\GitHub\BR-projekt-praktyki-sierpien\ComauRacer3praktyki_demo\Logical\Libraries\operator\operator.fun
C:\Users\szymo\Documents\GitHub\BR-projekt-praktyki-sierpien\ComauRacer3praktyki_demo\Logical\Libraries\operator\operator.typ
C:\Users\szymo\Documents\GitHub\BR-projekt-praktyki-sierpien\ComauRacer3praktyki_demo\Logical\Libraries\operator\operator.var
C:\Users\szymo\Documents\GitHub\BR-projekt-praktyki-sierpien\ComauRacer3praktyki_demo\Logical\Libraries\runtime\runtime.fun
C:\Users\szymo\Documents\GitHub\BR-projekt-praktyki-sierpien\ComauRacer3praktyki_demo\Logical\Libraries\runtime\runtime.typ
C:\Users\szymo\Documents\GitHub\BR-projekt-praktyki-sierpien\ComauRacer3praktyki_demo\Logical\Libraries\runtime\runtime.var
C:\Users\szymo\Documents\GitHub\BR-projekt-praktyki-sierpien\ComauRacer3praktyki_demo\Logical\Libraries\astime\astime.fun
C:\Users\szymo\Documents\GitHub\BR-projekt-praktyki-sierpien\ComauRacer3praktyki_demo\Logical\Libraries\astime\astime.typ
C:\Users\szymo\Documents\GitHub\BR-projekt-praktyki-sierpien\ComauRacer3praktyki_demo\Logical\Libraries\astime\astime.var
C:\Users\szymo\Documents\GitHub\BR-projekt-praktyki-sierpien\ComauRacer3praktyki_demo\Logical\Libraries\AsIecCon\AsIecCon.fun
C:\Users\szymo\Documents\GitHub\BR-projekt-praktyki-sierpien\ComauRacer3praktyki_demo\Logical\Libraries\AsIecCon\AsIecCon.typ
C:\Users\szymo\Documents\GitHub\BR-projekt-praktyki-sierpien\ComauRacer3praktyki_demo\Logical\Libraries\AsIecCon\AsIecCon.var
C:\Users\szymo\Documents\GitHub\BR-projekt-praktyki-sierpien\ComauRacer3praktyki_demo\Logical\Libraries\MpRobotics\MpRobotics.fun
C:\Users\szymo\Documents\GitHub\BR-projekt-praktyki-sierpien\ComauRacer3praktyki_demo\Logical\Libraries\MpRobotics\MpRobotics.typ
C:\Users\szymo\Documents\GitHub\BR-projekt-praktyki-sierpien\ComauRacer3praktyki_demo\Logical\Libraries\MpRobotics\MpRoboticsError.typ
C:\Users\szymo\Documents\GitHub\BR-projekt-praktyki-sierpien\ComauRacer3praktyki_demo\Logical\Libraries\McAxGroup\McAxGroup.typ
C:\Users\szymo\Documents\GitHub\BR-projekt-praktyki-sierpien\ComauRacer3praktyki_demo\Logical\Libraries\McAxGroup\McAxGroup.fun
C:\Users\szymo\Documents\GitHub\BR-projekt-praktyki-sierpien\ComauRacer3praktyki_demo\Logical\Libraries\McAxGroup\McAxGroup.var
C:\Users\szymo\Documents\GitHub\BR-projekt-praktyki-sierpien\ComauRacer3praktyki_demo\Logical\Libraries\McAxGroup\McAxGroupCfg.typ
C:\Users\szymo\Documents\GitHub\BR-projekt-praktyki-sierpien\ComauRacer3praktyki_demo\Logical\Libraries\MpBase\MpBase.typ
C:\Users\szymo\Documents\GitHub\BR-projekt-praktyki-sierpien\ComauRacer3praktyki_demo\Logical\Libraries\MpBase\MpBase.var
C:\Users\szymo\Documents\GitHub\BR-projekt-praktyki-sierpien\ComauRacer3praktyki_demo\Logical\Libraries\MpBase\MpBase.fun
C:\Users\szymo\Documents\GitHub\BR-projekt-praktyki-sierpien\ComauRacer3praktyki_demo\Logical\Libraries\McBase\McBase.typ
C:\Users\szymo\Documents\GitHub\BR-projekt-praktyki-sierpien\ComauRacer3praktyki_demo\Logical\Libraries\McBase\McBase.fun
C:\Users\szymo\Documents\GitHub\BR-projekt-praktyki-sierpien\ComauRacer3praktyki_demo\Logical\Libraries\McBase\McBase.var
C:\Users\szymo\Documents\GitHub\BR-projekt-praktyki-sierpien\ComauRacer3praktyki_demo\Logical\Libraries\McBase\McBaseCfg.typ
C:\Users\szymo\Documents\GitHub\BR-projekt-praktyki-sierpien\ComauRacer3praktyki_demo\Logical\Libraries\CoTrace\CoTrace.fun
C:\Users\szymo\Documents\GitHub\BR-projekt-praktyki-sierpien\ComauRacer3praktyki_demo\Logical\Libraries\CoTrace\CoTrace.typ
C:\Users\szymo\Documents\GitHub\BR-projekt-praktyki-sierpien\ComauRacer3praktyki_demo\Logical\Libraries\CoTrace\CoTrace.var
C:\Users\szymo\Documents\GitHub\BR-projekt-praktyki-sierpien\ComauRacer3praktyki_demo\Logical\Libraries\AsZip\AsZip.fun
C:\Users\szymo\Documents\GitHub\BR-projekt-praktyki-sierpien\ComauRacer3praktyki_demo\Logical\Libraries\AsZip\AsZip.typ
C:\Users\szymo\Documents\GitHub\BR-projekt-praktyki-sierpien\ComauRacer3praktyki_demo\Logical\Libraries\AsZip\AsZip.var
C:\Users\szymo\Documents\GitHub\BR-projekt-praktyki-sierpien\ComauRacer3praktyki_demo\Logical\Libraries\FileIO\FileIO.fun
C:\Users\szymo\Documents\GitHub\BR-projekt-praktyki-sierpien\ComauRacer3praktyki_demo\Logical\Libraries\FileIO\FileIO.typ
C:\Users\szymo\Documents\GitHub\BR-projekt-praktyki-sierpien\ComauRacer3praktyki_demo\Logical\Libraries\FileIO\FileIO.var
