C:\BR-projekt-praktyki-sierpien\ComauRacer3demo\Temp\Includes\AS_TempDecl\Racer3_demo\GlobalComponents\McElements.var
C:\BR-projekt-praktyki-sierpien\ComauRacer3demo\Logical\Global.typ
C:\BR-projekt-praktyki-sierpien\ComauRacer3demo\Logical\Global.var
C:\BR-projekt-praktyki-sierpien\ComauRacer3demo\Logical\Libraries\operator\operator.fun
C:\BR-projekt-praktyki-sierpien\ComauRacer3demo\Logical\Libraries\operator\operator.typ
C:\BR-projekt-praktyki-sierpien\ComauRacer3demo\Logical\Libraries\operator\operator.var
C:\BR-projekt-praktyki-sierpien\ComauRacer3demo\Logical\Libraries\runtime\runtime.fun
C:\BR-projekt-praktyki-sierpien\ComauRacer3demo\Logical\Libraries\runtime\runtime.typ
C:\BR-projekt-praktyki-sierpien\ComauRacer3demo\Logical\Libraries\runtime\runtime.var
C:\BR-projekt-praktyki-sierpien\ComauRacer3demo\Logical\Libraries\astime\astime.fun
C:\BR-projekt-praktyki-sierpien\ComauRacer3demo\Logical\Libraries\astime\astime.typ
C:\BR-projekt-praktyki-sierpien\ComauRacer3demo\Logical\Libraries\astime\astime.var
C:\BR-projekt-praktyki-sierpien\ComauRacer3demo\Logical\Libraries\AsIecCon\AsIecCon.fun
C:\BR-projekt-praktyki-sierpien\ComauRacer3demo\Logical\Libraries\AsIecCon\AsIecCon.typ
C:\BR-projekt-praktyki-sierpien\ComauRacer3demo\Logical\Libraries\AsIecCon\AsIecCon.var
C:\BR-projekt-praktyki-sierpien\ComauRacer3demo\Logical\Libraries\MpRobotics\MpRobotics.fun
C:\BR-projekt-praktyki-sierpien\ComauRacer3demo\Logical\Libraries\MpRobotics\MpRobotics.typ
C:\BR-projekt-praktyki-sierpien\ComauRacer3demo\Logical\Libraries\MpRobotics\MpRoboticsError.typ
C:\BR-projekt-praktyki-sierpien\ComauRacer3demo\Logical\Libraries\McAxGroup\McAxGroup.typ
C:\BR-projekt-praktyki-sierpien\ComauRacer3demo\Logical\Libraries\McAxGroup\McAxGroup.fun
C:\BR-projekt-praktyki-sierpien\ComauRacer3demo\Logical\Libraries\McAxGroup\McAxGroup.var
C:\BR-projekt-praktyki-sierpien\ComauRacer3demo\Logical\Libraries\McAxGroup\McAxGroupCfg.typ
C:\BR-projekt-praktyki-sierpien\ComauRacer3demo\Logical\Libraries\MpBase\MpBase.typ
C:\BR-projekt-praktyki-sierpien\ComauRacer3demo\Logical\Libraries\MpBase\MpBase.var
C:\BR-projekt-praktyki-sierpien\ComauRacer3demo\Logical\Libraries\MpBase\MpBase.fun
C:\BR-projekt-praktyki-sierpien\ComauRacer3demo\Logical\Libraries\McBase\McBase.typ
C:\BR-projekt-praktyki-sierpien\ComauRacer3demo\Logical\Libraries\McBase\McBase.fun
C:\BR-projekt-praktyki-sierpien\ComauRacer3demo\Logical\Libraries\McBase\McBase.var
C:\BR-projekt-praktyki-sierpien\ComauRacer3demo\Logical\Libraries\McBase\McBaseCfg.typ
C:\BR-projekt-praktyki-sierpien\ComauRacer3demo\Logical\Libraries\CoTrace\CoTrace.fun
C:\BR-projekt-praktyki-sierpien\ComauRacer3demo\Logical\Libraries\CoTrace\CoTrace.typ
C:\BR-projekt-praktyki-sierpien\ComauRacer3demo\Logical\Libraries\CoTrace\CoTrace.var
C:\BR-projekt-praktyki-sierpien\ComauRacer3demo\Logical\Libraries\AsZip\AsZip.fun
C:\BR-projekt-praktyki-sierpien\ComauRacer3demo\Logical\Libraries\AsZip\AsZip.typ
C:\BR-projekt-praktyki-sierpien\ComauRacer3demo\Logical\Libraries\AsZip\AsZip.var
C:\BR-projekt-praktyki-sierpien\ComauRacer3demo\Logical\Libraries\FileIO\FileIO.fun
C:\BR-projekt-praktyki-sierpien\ComauRacer3demo\Logical\Libraries\FileIO\FileIO.typ
C:\BR-projekt-praktyki-sierpien\ComauRacer3demo\Logical\Libraries\FileIO\FileIO.var
C:\BR-projekt-praktyki-sierpien\ComauRacer3demo\Logical\Libraries\MpAlarmX\MpAlarmX.typ
C:\BR-projekt-praktyki-sierpien\ComauRacer3demo\Logical\Libraries\MpAlarmX\MpAlarmXError.typ
C:\BR-projekt-praktyki-sierpien\ComauRacer3demo\Logical\Libraries\MpAlarmX\MpAlarmX.fun
C:\BR-projekt-praktyki-sierpien\ComauRacer3demo\Logical\Libraries\MpAudit\MpAudit.typ
C:\BR-projekt-praktyki-sierpien\ComauRacer3demo\Logical\Libraries\MpAudit\MpAuditError.typ
C:\BR-projekt-praktyki-sierpien\ComauRacer3demo\Logical\Libraries\MpAudit\MpAuditAlarm.typ
C:\BR-projekt-praktyki-sierpien\ComauRacer3demo\Logical\Libraries\MpAudit\MpAudit.fun
C:\BR-projekt-praktyki-sierpien\ComauRacer3demo\Logical\Libraries\MpRecipe\MpRecipe.typ
C:\BR-projekt-praktyki-sierpien\ComauRacer3demo\Logical\Libraries\MpRecipe\MpRecipeAlarm.typ
C:\BR-projekt-praktyki-sierpien\ComauRacer3demo\Logical\Libraries\MpRecipe\MpRecipeError.typ
C:\BR-projekt-praktyki-sierpien\ComauRacer3demo\Logical\Libraries\MpRecipe\MpRecipe.fun
C:\BR-projekt-praktyki-sierpien\ComauRacer3demo\Logical\Libraries\sys_lib\sys_lib.fun
C:\BR-projekt-praktyki-sierpien\ComauRacer3demo\Logical\Libraries\sys_lib\sys_lib.typ
C:\BR-projekt-praktyki-sierpien\ComauRacer3demo\Logical\Libraries\sys_lib\sys_lib.var
C:\BR-projekt-praktyki-sierpien\ComauRacer3demo\Logical\Libraries\MpServer\Types.typ
C:\BR-projekt-praktyki-sierpien\ComauRacer3demo\Logical\Libraries\MpServer\Constants.var
C:\BR-projekt-praktyki-sierpien\ComauRacer3demo\Logical\Libraries\MpServer\MpServer.fun
C:\BR-projekt-praktyki-sierpien\ComauRacer3demo\Logical\Libraries\MpUserX\MpUserX.typ
C:\BR-projekt-praktyki-sierpien\ComauRacer3demo\Logical\Libraries\MpUserX\MpUserXError.typ
C:\BR-projekt-praktyki-sierpien\ComauRacer3demo\Logical\Libraries\MpUserX\MpUserXAlarm.typ
C:\BR-projekt-praktyki-sierpien\ComauRacer3demo\Logical\Libraries\MpUserX\MpUserX.fun
